
  .   ____          _            __ _ _
 /\\ / ___'_ __ _ _(_)_ __  __ _ \ \ \ \
( ( )\___ | '_ | '_| | '_ \/ _` | \ \ \ \
 \\/  ___)| |_)| | | | | || (_| |  ) ) ) )
  '  |____| .__|_| |_|_| |_\__, | / / / /
 =========|_|==============|___/=/_/_/_/
 :: Spring Boot ::                (v3.2.0)

2026-04-19T14:10:21.606+02:00  INFO 40268 --- [game-catalog] [           main] com.gamecatalog.GameCatalogApplication   : Starting GameCatalogApplication v1.0.0 using Java 25.0.2 with PID 40268 (C:\Users\isano\Desktop\NewSteam\backend\target\game-catalog-1.0.0.jar started by isano in C:\Users\isano\Desktop\NewSteam)
2026-04-19T14:10:21.609+02:00  INFO 40268 --- [game-catalog] [           main] com.gamecatalog.GameCatalogApplication   : No active profile set, falling back to 1 default profile: "default"
2026-04-19T14:10:22.232+02:00  INFO 40268 --- [game-catalog] [           main] .s.d.r.c.RepositoryConfigurationDelegate : Bootstrapping Spring Data JPA repositories in DEFAULT mode.
2026-04-19T14:10:22.288+02:00  INFO 40268 --- [game-catalog] [           main] .s.d.r.c.RepositoryConfigurationDelegate : Finished Spring Data repository scanning in 47 ms. Found 4 JPA repository interfaces.
WARNING: A restricted method in java.lang.System has been called
WARNING: java.lang.System::load has been called by org.apache.tomcat.jni.Library in an unnamed module (jar:nested:/C:/Users/isano/Desktop/NewSteam/backend/target/game-catalog-1.0.0.jar/!BOOT-INF/lib/tomcat-embed-core-10.1.16.jar!/)
WARNING: Use --enable-native-access=ALL-UNNAMED to avoid a warning for callers in this module
WARNING: Restricted methods will be blocked in a future release unless native access is enabled

2026-04-19T14:10:22.815+02:00  INFO 40268 --- [game-catalog] [           main] o.s.b.w.embedded.tomcat.TomcatWebServer  : Tomcat initialized with port 8080 (http)
2026-04-19T14:10:22.824+02:00  INFO 40268 --- [game-catalog] [           main] o.apache.catalina.core.StandardService   : Starting service [Tomcat]
2026-04-19T14:10:22.824+02:00  INFO 40268 --- [game-catalog] [           main] o.apache.catalina.core.StandardEngine    : Starting Servlet engine: [Apache Tomcat/10.1.16]
2026-04-19T14:10:22.861+02:00  INFO 40268 --- [game-catalog] [           main] o.a.c.c.C.[Tomcat].[localhost].[/]       : Initializing Spring embedded WebApplicationContext
2026-04-19T14:10:22.861+02:00  INFO 40268 --- [game-catalog] [           main] w.s.c.ServletWebServerApplicationContext : Root WebApplicationContext: initialization completed in 1183 ms
2026-04-19T14:10:23.007+02:00  INFO 40268 --- [game-catalog] [           main] o.hibernate.jpa.internal.util.LogHelper  : HHH000204: Processing PersistenceUnitInfo [name: default]
2026-04-19T14:10:23.052+02:00  INFO 40268 --- [game-catalog] [           main] org.hibernate.Version                    : HHH000412: Hibernate ORM core version 6.3.1.Final
2026-04-19T14:10:23.079+02:00  INFO 40268 --- [game-catalog] [           main] o.h.c.internal.RegionFactoryInitiator    : HHH000026: Second-level cache disabled
2026-04-19T14:10:23.273+02:00  INFO 40268 --- [game-catalog] [           main] o.s.o.j.p.SpringPersistenceUnitInfo      : No LoadTimeWeaver setup: ignoring JPA class transformer
2026-04-19T14:10:23.295+02:00  INFO 40268 --- [game-catalog] [           main] com.zaxxer.hikari.HikariDataSource       : HikariPool-1 - Starting...
2026-04-19T14:10:23.448+02:00  INFO 40268 --- [game-catalog] [           main] com.zaxxer.hikari.pool.HikariPool        : HikariPool-1 - Added connection com.mysql.cj.jdbc.ConnectionImpl@401317a0
2026-04-19T14:10:23.450+02:00  INFO 40268 --- [game-catalog] [           main] com.zaxxer.hikari.HikariDataSource       : HikariPool-1 - Start completed.
2026-04-19T14:10:23.492+02:00  WARN 40268 --- [game-catalog] [           main] org.hibernate.orm.deprecation            : HHH90000025: MySQLDialect does not need to be specified explicitly using 'hibernate.dialect' (remove the property setting and it will be selected by default)
2026-04-19T14:10:24.238+02:00  INFO 40268 --- [game-catalog] [           main] o.h.e.t.j.p.i.JtaPlatformInitiator       : HHH000489: No JTA platform available (set 'hibernate.transaction.jta.platform' to enable JTA platform integration)
Hibernate: 
    alter table product_category 
       add constraint FKkud35ls1d40wpjb5htpp14q4e 
       foreign key (category_id) 
       references category (id)
2026-04-19T14:10:24.358+02:00  WARN 40268 --- [game-catalog] [           main] o.h.t.s.i.ExceptionHandlerLoggedImpl     : GenerationTarget encountered exception accepting command : Error executing DDL "
    alter table product_category 
       add constraint FKkud35ls1d40wpjb5htpp14q4e 
       foreign key (category_id) 
       references category (id)" via JDBC [Cannot add or update a child row: a foreign key constraint fails (`gamecatalog`.`#sql-1b94_72`, CONSTRAINT `FKkud35ls1d40wpjb5htpp14q4e` FOREIGN KEY (`category_id`) REFERENCES `category` (`id`))]

org.hibernate.tool.schema.spi.CommandAcceptanceException: Error executing DDL "
    alter table product_category 
       add constraint FKkud35ls1d40wpjb5htpp14q4e 
       foreign key (category_id) 
       references category (id)" via JDBC [Cannot add or update a child row: a foreign key constraint fails (`gamecatalog`.`#sql-1b94_72`, CONSTRAINT `FKkud35ls1d40wpjb5htpp14q4e` FOREIGN KEY (`category_id`) REFERENCES `category` (`id`))]
	at org.hibernate.tool.schema.internal.exec.GenerationTargetToDatabase.accept(GenerationTargetToDatabase.java:94) ~[hibernate-core-6.3.1.Final.jar!/:6.3.1.Final]
	at org.hibernate.tool.schema.internal.AbstractSchemaMigrator.applySqlString(AbstractSchemaMigrator.java:574) ~[hibernate-core-6.3.1.Final.jar!/:6.3.1.Final]
	at org.hibernate.tool.schema.internal.AbstractSchemaMigrator.applySqlStrings(AbstractSchemaMigrator.java:514) ~[hibernate-core-6.3.1.Final.jar!/:6.3.1.Final]
	at org.hibernate.tool.schema.internal.AbstractSchemaMigrator.applyForeignKeys(AbstractSchemaMigrator.java:446) ~[hibernate-core-6.3.1.Final.jar!/:6.3.1.Final]
	at org.hibernate.tool.schema.internal.AbstractSchemaMigrator.performMigration(AbstractSchemaMigrator.java:268) ~[hibernate-core-6.3.1.Final.jar!/:6.3.1.Final]
	at org.hibernate.tool.schema.internal.AbstractSchemaMigrator.doMigration(AbstractSchemaMigrator.java:117) ~[hibernate-core-6.3.1.Final.jar!/:6.3.1.Final]
	at org.hibernate.tool.schema.spi.SchemaManagementToolCoordinator.performDatabaseAction(SchemaManagementToolCoordinator.java:286) ~[hibernate-core-6.3.1.Final.jar!/:6.3.1.Final]
	at org.hibernate.tool.schema.spi.SchemaManagementToolCoordinator.lambda$process$5(SchemaManagementToolCoordinator.java:145) ~[hibernate-core-6.3.1.Final.jar!/:6.3.1.Final]
	at java.base/java.util.HashMap.forEach(HashMap.java:1430) ~[na:na]
	at org.hibernate.tool.schema.spi.SchemaManagementToolCoordinator.process(SchemaManagementToolCoordinator.java:142) ~[hibernate-core-6.3.1.Final.jar!/:6.3.1.Final]
	at org.hibernate.boot.internal.SessionFactoryObserverForSchemaExport.sessionFactoryCreated(SessionFactoryObserverForSchemaExport.java:37) ~[hibernate-core-6.3.1.Final.jar!/:6.3.1.Final]
	at org.hibernate.internal.SessionFactoryObserverChain.sessionFactoryCreated(SessionFactoryObserverChain.java:35) ~[hibernate-core-6.3.1.Final.jar!/:6.3.1.Final]
	at org.hibernate.internal.SessionFactoryImpl.<init>(SessionFactoryImpl.java:295) ~[hibernate-core-6.3.1.Final.jar!/:6.3.1.Final]
	at org.hibernate.boot.internal.SessionFactoryBuilderImpl.build(SessionFactoryBuilderImpl.java:450) ~[hibernate-core-6.3.1.Final.jar!/:6.3.1.Final]
	at org.hibernate.jpa.boot.internal.EntityManagerFactoryBuilderImpl.build(EntityManagerFactoryBuilderImpl.java:1507) ~[hibernate-core-6.3.1.Final.jar!/:6.3.1.Final]
	at org.springframework.orm.jpa.vendor.SpringHibernateJpaPersistenceProvider.createContainerEntityManagerFactory(SpringHibernateJpaPersistenceProvider.java:75) ~[spring-orm-6.1.1.jar!/:6.1.1]
	at org.springframework.orm.jpa.LocalContainerEntityManagerFactoryBean.createNativeEntityManagerFactory(LocalContainerEntityManagerFactoryBean.java:376) ~[spring-orm-6.1.1.jar!/:6.1.1]
	at org.springframework.orm.jpa.AbstractEntityManagerFactoryBean.buildNativeEntityManagerFactory(AbstractEntityManagerFactoryBean.java:409) ~[spring-orm-6.1.1.jar!/:6.1.1]
	at org.springframework.orm.jpa.AbstractEntityManagerFactoryBean.afterPropertiesSet(AbstractEntityManagerFactoryBean.java:396) ~[spring-orm-6.1.1.jar!/:6.1.1]
	at org.springframework.orm.jpa.LocalContainerEntityManagerFactoryBean.afterPropertiesSet(LocalContainerEntityManagerFactoryBean.java:352) ~[spring-orm-6.1.1.jar!/:6.1.1]
	at org.springframework.beans.factory.support.AbstractAutowireCapableBeanFactory.invokeInitMethods(AbstractAutowireCapableBeanFactory.java:1822) ~[spring-beans-6.1.1.jar!/:6.1.1]
	at org.springframework.beans.factory.support.AbstractAutowireCapableBeanFactory.initializeBean(AbstractAutowireCapableBeanFactory.java:1771) ~[spring-beans-6.1.1.jar!/:6.1.1]
	at org.springframework.beans.factory.support.AbstractAutowireCapableBeanFactory.doCreateBean(AbstractAutowireCapableBeanFactory.java:601) ~[spring-beans-6.1.1.jar!/:6.1.1]
	at org.springframework.beans.factory.support.AbstractAutowireCapableBeanFactory.createBean(AbstractAutowireCapableBeanFactory.java:523) ~[spring-beans-6.1.1.jar!/:6.1.1]
	at org.springframework.beans.factory.support.AbstractBeanFactory.lambda$doGetBean$0(AbstractBeanFactory.java:325) ~[spring-beans-6.1.1.jar!/:6.1.1]
	at org.springframework.beans.factory.support.DefaultSingletonBeanRegistry.getSingleton(DefaultSingletonBeanRegistry.java:234) ~[spring-beans-6.1.1.jar!/:6.1.1]
	at org.springframework.beans.factory.support.AbstractBeanFactory.doGetBean(AbstractBeanFactory.java:323) ~[spring-beans-6.1.1.jar!/:6.1.1]
	at org.springframework.beans.factory.support.AbstractBeanFactory.getBean(AbstractBeanFactory.java:199) ~[spring-beans-6.1.1.jar!/:6.1.1]
	at org.springframework.context.support.AbstractApplicationContext.getBean(AbstractApplicationContext.java:1173) ~[spring-context-6.1.1.jar!/:6.1.1]
	at org.springframework.context.support.AbstractApplicationContext.finishBeanFactoryInitialization(AbstractApplicationContext.java:936) ~[spring-context-6.1.1.jar!/:6.1.1]
	at org.springframework.context.support.AbstractApplicationContext.refresh(AbstractApplicationContext.java:616) ~[spring-context-6.1.1.jar!/:6.1.1]
	at org.springframework.boot.web.servlet.context.ServletWebServerApplicationContext.refresh(ServletWebServerApplicationContext.java:146) ~[spring-boot-3.2.0.jar!/:3.2.0]
	at org.springframework.boot.SpringApplication.refresh(SpringApplication.java:753) ~[spring-boot-3.2.0.jar!/:3.2.0]
	at org.springframework.boot.SpringApplication.refreshContext(SpringApplication.java:455) ~[spring-boot-3.2.0.jar!/:3.2.0]
	at org.springframework.boot.SpringApplication.run(SpringApplication.java:323) ~[spring-boot-3.2.0.jar!/:3.2.0]
	at org.springframework.boot.SpringApplication.run(SpringApplication.java:1342) ~[spring-boot-3.2.0.jar!/:3.2.0]
	at org.springframework.boot.SpringApplication.run(SpringApplication.java:1331) ~[spring-boot-3.2.0.jar!/:3.2.0]
	at com.gamecatalog.GameCatalogApplication.main(GameCatalogApplication.java:9) ~[!/:1.0.0]
	at java.base/jdk.internal.reflect.DirectMethodHandleAccessor.invoke(DirectMethodHandleAccessor.java:104) ~[na:na]
	at java.base/java.lang.reflect.Method.invoke(Method.java:565) ~[na:na]
	at org.springframework.boot.loader.launch.Launcher.launch(Launcher.java:91) ~[game-catalog-1.0.0.jar:1.0.0]
	at org.springframework.boot.loader.launch.Launcher.launch(Launcher.java:53) ~[game-catalog-1.0.0.jar:1.0.0]
	at org.springframework.boot.loader.launch.JarLauncher.main(JarLauncher.java:58) ~[game-catalog-1.0.0.jar:1.0.0]
Caused by: java.sql.SQLIntegrityConstraintViolationException: Cannot add or update a child row: a foreign key constraint fails (`gamecatalog`.`#sql-1b94_72`, CONSTRAINT `FKkud35ls1d40wpjb5htpp14q4e` FOREIGN KEY (`category_id`) REFERENCES `category` (`id`))
	at com.mysql.cj.jdbc.exceptions.SQLError.createSQLException(SQLError.java:118) ~[mysql-connector-j-8.1.0.jar!/:8.1.0]
	at com.mysql.cj.jdbc.exceptions.SQLExceptionsMapping.translateException(SQLExceptionsMapping.java:122) ~[mysql-connector-j-8.1.0.jar!/:8.1.0]
	at com.mysql.cj.jdbc.StatementImpl.executeInternal(StatementImpl.java:763) ~[mysql-connector-j-8.1.0.jar!/:8.1.0]
	at com.mysql.cj.jdbc.StatementImpl.execute(StatementImpl.java:648) ~[mysql-connector-j-8.1.0.jar!/:8.1.0]
	at com.zaxxer.hikari.pool.ProxyStatement.execute(ProxyStatement.java:94) ~[HikariCP-5.0.1.jar!/:na]
	at com.zaxxer.hikari.pool.HikariProxyStatement.execute(HikariProxyStatement.java) ~[HikariCP-5.0.1.jar!/:na]
	at org.hibernate.tool.schema.internal.exec.GenerationTargetToDatabase.accept(GenerationTargetToDatabase.java:80) ~[hibernate-core-6.3.1.Final.jar!/:6.3.1.Final]
	... 42 common frames omitted

Hibernate: 
    alter table product_category 
       add constraint FK2k3smhbruedlcrvu6clued06x 
       foreign key (product_id) 
       references product (id)
2026-04-19T14:10:24.411+02:00  WARN 40268 --- [game-catalog] [           main] o.h.t.s.i.ExceptionHandlerLoggedImpl     : GenerationTarget encountered exception accepting command : Error executing DDL "
    alter table product_category 
       add constraint FK2k3smhbruedlcrvu6clued06x 
       foreign key (product_id) 
       references product (id)" via JDBC [Cannot add or update a child row: a foreign key constraint fails (`gamecatalog`.`#sql-1b94_72`, CONSTRAINT `FK2k3smhbruedlcrvu6clued06x` FOREIGN KEY (`product_id`) REFERENCES `product` (`id`))]

org.hibernate.tool.schema.spi.CommandAcceptanceException: Error executing DDL "
    alter table product_category 
       add constraint FK2k3smhbruedlcrvu6clued06x 
       foreign key (product_id) 
       references product (id)" via JDBC [Cannot add or update a child row: a foreign key constraint fails (`gamecatalog`.`#sql-1b94_72`, CONSTRAINT `FK2k3smhbruedlcrvu6clued06x` FOREIGN KEY (`product_id`) REFERENCES `product` (`id`))]
	at org.hibernate.tool.schema.internal.exec.GenerationTargetToDatabase.accept(GenerationTargetToDatabase.java:94) ~[hibernate-core-6.3.1.Final.jar!/:6.3.1.Final]
	at org.hibernate.tool.schema.internal.AbstractSchemaMigrator.applySqlString(AbstractSchemaMigrator.java:574) ~[hibernate-core-6.3.1.Final.jar!/:6.3.1.Final]
	at org.hibernate.tool.schema.internal.AbstractSchemaMigrator.applySqlStrings(AbstractSchemaMigrator.java:514) ~[hibernate-core-6.3.1.Final.jar!/:6.3.1.Final]
	at org.hibernate.tool.schema.internal.AbstractSchemaMigrator.applyForeignKeys(AbstractSchemaMigrator.java:446) ~[hibernate-core-6.3.1.Final.jar!/:6.3.1.Final]
	at org.hibernate.tool.schema.internal.AbstractSchemaMigrator.performMigration(AbstractSchemaMigrator.java:268) ~[hibernate-core-6.3.1.Final.jar!/:6.3.1.Final]
	at org.hibernate.tool.schema.internal.AbstractSchemaMigrator.doMigration(AbstractSchemaMigrator.java:117) ~[hibernate-core-6.3.1.Final.jar!/:6.3.1.Final]
	at org.hibernate.tool.schema.spi.SchemaManagementToolCoordinator.performDatabaseAction(SchemaManagementToolCoordinator.java:286) ~[hibernate-core-6.3.1.Final.jar!/:6.3.1.Final]
	at org.hibernate.tool.schema.spi.SchemaManagementToolCoordinator.lambda$process$5(SchemaManagementToolCoordinator.java:145) ~[hibernate-core-6.3.1.Final.jar!/:6.3.1.Final]
	at java.base/java.util.HashMap.forEach(HashMap.java:1430) ~[na:na]
	at org.hibernate.tool.schema.spi.SchemaManagementToolCoordinator.process(SchemaManagementToolCoordinator.java:142) ~[hibernate-core-6.3.1.Final.jar!/:6.3.1.Final]
	at org.hibernate.boot.internal.SessionFactoryObserverForSchemaExport.sessionFactoryCreated(SessionFactoryObserverForSchemaExport.java:37) ~[hibernate-core-6.3.1.Final.jar!/:6.3.1.Final]
	at org.hibernate.internal.SessionFactoryObserverChain.sessionFactoryCreated(SessionFactoryObserverChain.java:35) ~[hibernate-core-6.3.1.Final.jar!/:6.3.1.Final]
	at org.hibernate.internal.SessionFactoryImpl.<init>(SessionFactoryImpl.java:295) ~[hibernate-core-6.3.1.Final.jar!/:6.3.1.Final]
	at org.hibernate.boot.internal.SessionFactoryBuilderImpl.build(SessionFactoryBuilderImpl.java:450) ~[hibernate-core-6.3.1.Final.jar!/:6.3.1.Final]
	at org.hibernate.jpa.boot.internal.EntityManagerFactoryBuilderImpl.build(EntityManagerFactoryBuilderImpl.java:1507) ~[hibernate-core-6.3.1.Final.jar!/:6.3.1.Final]
	at org.springframework.orm.jpa.vendor.SpringHibernateJpaPersistenceProvider.createContainerEntityManagerFactory(SpringHibernateJpaPersistenceProvider.java:75) ~[spring-orm-6.1.1.jar!/:6.1.1]
	at org.springframework.orm.jpa.LocalContainerEntityManagerFactoryBean.createNativeEntityManagerFactory(LocalContainerEntityManagerFactoryBean.java:376) ~[spring-orm-6.1.1.jar!/:6.1.1]
	at org.springframework.orm.jpa.AbstractEntityManagerFactoryBean.buildNativeEntityManagerFactory(AbstractEntityManagerFactoryBean.java:409) ~[spring-orm-6.1.1.jar!/:6.1.1]
	at org.springframework.orm.jpa.AbstractEntityManagerFactoryBean.afterPropertiesSet(AbstractEntityManagerFactoryBean.java:396) ~[spring-orm-6.1.1.jar!/:6.1.1]
	at org.springframework.orm.jpa.LocalContainerEntityManagerFactoryBean.afterPropertiesSet(LocalContainerEntityManagerFactoryBean.java:352) ~[spring-orm-6.1.1.jar!/:6.1.1]
	at org.springframework.beans.factory.support.AbstractAutowireCapableBeanFactory.invokeInitMethods(AbstractAutowireCapableBeanFactory.java:1822) ~[spring-beans-6.1.1.jar!/:6.1.1]
	at org.springframework.beans.factory.support.AbstractAutowireCapableBeanFactory.initializeBean(AbstractAutowireCapableBeanFactory.java:1771) ~[spring-beans-6.1.1.jar!/:6.1.1]
	at org.springframework.beans.factory.support.AbstractAutowireCapableBeanFactory.doCreateBean(AbstractAutowireCapableBeanFactory.java:601) ~[spring-beans-6.1.1.jar!/:6.1.1]
	at org.springframework.beans.factory.support.AbstractAutowireCapableBeanFactory.createBean(AbstractAutowireCapableBeanFactory.java:523) ~[spring-beans-6.1.1.jar!/:6.1.1]
	at org.springframework.beans.factory.support.AbstractBeanFactory.lambda$doGetBean$0(AbstractBeanFactory.java:325) ~[spring-beans-6.1.1.jar!/:6.1.1]
	at org.springframework.beans.factory.support.DefaultSingletonBeanRegistry.getSingleton(DefaultSingletonBeanRegistry.java:234) ~[spring-beans-6.1.1.jar!/:6.1.1]
	at org.springframework.beans.factory.support.AbstractBeanFactory.doGetBean(AbstractBeanFactory.java:323) ~[spring-beans-6.1.1.jar!/:6.1.1]
	at org.springframework.beans.factory.support.AbstractBeanFactory.getBean(AbstractBeanFactory.java:199) ~[spring-beans-6.1.1.jar!/:6.1.1]
	at org.springframework.context.support.AbstractApplicationContext.getBean(AbstractApplicationContext.java:1173) ~[spring-context-6.1.1.jar!/:6.1.1]
	at org.springframework.context.support.AbstractApplicationContext.finishBeanFactoryInitialization(AbstractApplicationContext.java:936) ~[spring-context-6.1.1.jar!/:6.1.1]
	at org.springframework.context.support.AbstractApplicationContext.refresh(AbstractApplicationContext.java:616) ~[spring-context-6.1.1.jar!/:6.1.1]
	at org.springframework.boot.web.servlet.context.ServletWebServerApplicationContext.refresh(ServletWebServerApplicationContext.java:146) ~[spring-boot-3.2.0.jar!/:3.2.0]
	at org.springframework.boot.SpringApplication.refresh(SpringApplication.java:753) ~[spring-boot-3.2.0.jar!/:3.2.0]
	at org.springframework.boot.SpringApplication.refreshContext(SpringApplication.java:455) ~[spring-boot-3.2.0.jar!/:3.2.0]
	at org.springframework.boot.SpringApplication.run(SpringApplication.java:323) ~[spring-boot-3.2.0.jar!/:3.2.0]
	at org.springframework.boot.SpringApplication.run(SpringApplication.java:1342) ~[spring-boot-3.2.0.jar!/:3.2.0]
	at org.springframework.boot.SpringApplication.run(SpringApplication.java:1331) ~[spring-boot-3.2.0.jar!/:3.2.0]
	at com.gamecatalog.GameCatalogApplication.main(GameCatalogApplication.java:9) ~[!/:1.0.0]
	at java.base/jdk.internal.reflect.DirectMethodHandleAccessor.invoke(DirectMethodHandleAccessor.java:104) ~[na:na]
	at java.base/java.lang.reflect.Method.invoke(Method.java:565) ~[na:na]
	at org.springframework.boot.loader.launch.Launcher.launch(Launcher.java:91) ~[game-catalog-1.0.0.jar:1.0.0]
	at org.springframework.boot.loader.launch.Launcher.launch(Launcher.java:53) ~[game-catalog-1.0.0.jar:1.0.0]
	at org.springframework.boot.loader.launch.JarLauncher.main(JarLauncher.java:58) ~[game-catalog-1.0.0.jar:1.0.0]
Caused by: java.sql.SQLIntegrityConstraintViolationException: Cannot add or update a child row: a foreign key constraint fails (`gamecatalog`.`#sql-1b94_72`, CONSTRAINT `FK2k3smhbruedlcrvu6clued06x` FOREIGN KEY (`product_id`) REFERENCES `product` (`id`))
	at com.mysql.cj.jdbc.exceptions.SQLError.createSQLException(SQLError.java:118) ~[mysql-connector-j-8.1.0.jar!/:8.1.0]
	at com.mysql.cj.jdbc.exceptions.SQLExceptionsMapping.translateException(SQLExceptionsMapping.java:122) ~[mysql-connector-j-8.1.0.jar!/:8.1.0]
	at com.mysql.cj.jdbc.StatementImpl.executeInternal(StatementImpl.java:763) ~[mysql-connector-j-8.1.0.jar!/:8.1.0]
	at com.mysql.cj.jdbc.StatementImpl.execute(StatementImpl.java:648) ~[mysql-connector-j-8.1.0.jar!/:8.1.0]
	at com.zaxxer.hikari.pool.ProxyStatement.execute(ProxyStatement.java:94) ~[HikariCP-5.0.1.jar!/:na]
	at com.zaxxer.hikari.pool.HikariProxyStatement.execute(HikariProxyStatement.java) ~[HikariCP-5.0.1.jar!/:na]
	at org.hibernate.tool.schema.internal.exec.GenerationTargetToDatabase.accept(GenerationTargetToDatabase.java:80) ~[hibernate-core-6.3.1.Final.jar!/:6.3.1.Final]
	... 42 common frames omitted

2026-04-19T14:10:24.415+02:00  INFO 40268 --- [game-catalog] [           main] j.LocalContainerEntityManagerFactoryBean : Initialized JPA EntityManagerFactory for persistence unit 'default'
2026-04-19T14:10:24.783+02:00  WARN 40268 --- [game-catalog] [           main] JpaBaseConfiguration$JpaWebConfiguration : spring.jpa.open-in-view is enabled by default. Therefore, database queries may be performed during view rendering. Explicitly configure spring.jpa.open-in-view to disable this warning
2026-04-19T14:10:24.803+02:00  WARN 40268 --- [game-catalog] [           main] .s.s.UserDetailsServiceAutoConfiguration : 

Using generated security password: b1ec39c2-07f0-4af7-a32a-d3aa7fdbc536

This generated password is for development use only. Your security configuration must be updated before running your application in production.

2026-04-19T14:10:25.054+02:00  INFO 40268 --- [game-catalog] [           main] o.s.s.web.DefaultSecurityFilterChain     : Will secure any request with [org.springframework.security.web.session.DisableEncodeUrlFilter@4d10f182, org.springframework.security.web.context.request.async.WebAsyncManagerIntegrationFilter@5570ee6d, org.springframework.security.web.context.SecurityContextHolderFilter@68722de3, org.springframework.security.web.header.HeaderWriterFilter@45b2d17b, org.springframework.web.filter.CorsFilter@7e2f16bd, org.springframework.security.web.authentication.logout.LogoutFilter@489b7559, org.springframework.security.web.savedrequest.RequestCacheAwareFilter@77aeba9b, org.springframework.security.web.servletapi.SecurityContextHolderAwareRequestFilter@1db5de29, org.springframework.security.web.authentication.AnonymousAuthenticationFilter@594fcb22, org.springframework.security.web.access.ExceptionTranslationFilter@758655a9, org.springframework.security.web.access.intercept.AuthorizationFilter@5749e633]
2026-04-19T14:10:25.294+02:00  INFO 40268 --- [game-catalog] [           main] o.s.b.w.embedded.tomcat.TomcatWebServer  : Tomcat started on port 8080 (http) with context path ''
2026-04-19T14:10:25.310+02:00  INFO 40268 --- [game-catalog] [           main] com.gamecatalog.GameCatalogApplication   : Started GameCatalogApplication in 4.107 seconds (process running for 4.511)
2026-04-19T14:10:42.921+02:00  INFO 40268 --- [game-catalog] [nio-8080-exec-2] o.a.c.c.C.[Tomcat].[localhost].[/]       : Initializing Spring DispatcherServlet 'dispatcherServlet'
2026-04-19T14:10:42.921+02:00  INFO 40268 --- [game-catalog] [nio-8080-exec-2] o.s.web.servlet.DispatcherServlet        : Initializing Servlet 'dispatcherServlet'
2026-04-19T14:10:42.923+02:00  INFO 40268 --- [game-catalog] [nio-8080-exec-2] o.s.web.servlet.DispatcherServlet        : Completed initialization in 2 ms
2026-04-19T14:10:42.938+02:00  WARN 40268 --- [game-catalog] [nio-8080-exec-2] o.s.w.s.h.HandlerMappingIntrospector     : Cache miss for REQUEST dispatch to '/api/products/1' (previous null). Performing CorsConfiguration lookup. This is logged once only at WARN level, and every time at TRACE.
Hibernate: 
    select
        p1_0.id,
        p1_0.creation_date,
        p1_0.creator_user_id,
        p1_0.description,
        p1_0.image_url,
        p1_0.is_deleted,
        p1_0.title 
    from
        product p1_0 
    where
        p1_0.id=?
Hibernate: 
    select
        c1_0.id,
        c1_0.creation_date,
        c1_0.creator_user_id,
        c1_0.description,
        c1_0.is_deleted,
        c1_0.product_id 
    from
        comment c1_0 
    where
        c1_0.product_id=? 
        and not(c1_0.is_deleted)
Hibernate: 
    select
        p1_0.id,
        p1_0.creation_date,
        p1_0.creator_user_id,
        p1_0.description,
        p1_0.image_url,
        p1_0.is_deleted,
        p1_0.title 
    from
        product p1_0 
    where
        upper(p1_0.title) like upper(?) escape '\\' 
        and not(p1_0.is_deleted)
Hibernate: 
    select
        p1_0.id,
        p1_0.creation_date,
        p1_0.creator_user_id,
        p1_0.description,
        p1_0.image_url,
        p1_0.is_deleted,
        p1_0.title 
    from
        product p1_0 
    where
        upper(p1_0.title) like upper(?) escape '\\' 
        and not(p1_0.is_deleted)
Hibernate: 
    select
        p1_0.id,
        p1_0.creation_date,
        p1_0.creator_user_id,
        p1_0.description,
        p1_0.image_url,
        p1_0.is_deleted,
        p1_0.title 
    from
        product p1_0 
    where
        upper(p1_0.title) like upper(?) escape '\\' 
        and not(p1_0.is_deleted)
Hibernate: 
    select
        p1_0.id,
        p1_0.creation_date,
        p1_0.creator_user_id,
        p1_0.description,
        p1_0.image_url,
        p1_0.is_deleted,
        p1_0.title 
    from
        product p1_0 
    where
        upper(p1_0.title) like upper(?) escape '\\' 
        and not(p1_0.is_deleted)
Hibernate: 
    select
        p1_0.id,
        p1_0.creation_date,
        p1_0.creator_user_id,
        p1_0.description,
        p1_0.image_url,
        p1_0.is_deleted,
        p1_0.title 
    from
        product p1_0 
    where
        upper(p1_0.title) like upper(?) escape '\\' 
        and not(p1_0.is_deleted)
Hibernate: 
    select
        p1_0.id,
        p1_0.creation_date,
        p1_0.creator_user_id,
        p1_0.description,
        p1_0.image_url,
        p1_0.is_deleted,
        p1_0.title 
    from
        product p1_0 
    where
        upper(p1_0.title) like upper(?) escape '\\' 
        and not(p1_0.is_deleted)
Hibernate: 
    select
        p1_0.id,
        p1_0.creation_date,
        p1_0.creator_user_id,
        p1_0.description,
        p1_0.image_url,
        p1_0.is_deleted,
        p1_0.title 
    from
        product p1_0 
    where
        upper(p1_0.title) like upper(?) escape '\\' 
        and not(p1_0.is_deleted)
Hibernate: 
    select
        p1_0.id,
        p1_0.creation_date,
        p1_0.creator_user_id,
        p1_0.description,
        p1_0.image_url,
        p1_0.is_deleted,
        p1_0.title 
    from
        product p1_0 
    where
        upper(p1_0.title) like upper(?) escape '\\' 
        and not(p1_0.is_deleted)
Hibernate: 
    select
        p1_0.id,
        p1_0.creation_date,
        p1_0.creator_user_id,
        p1_0.description,
        p1_0.image_url,
        p1_0.is_deleted,
        p1_0.title 
    from
        product p1_0 
    where
        upper(p1_0.title) like upper(?) escape '\\' 
        and not(p1_0.is_deleted)
Hibernate: 
    select
        p1_0.id,
        p1_0.creation_date,
        p1_0.creator_user_id,
        p1_0.description,
        p1_0.image_url,
        p1_0.is_deleted,
        p1_0.title 
    from
        product p1_0 
    where
        upper(p1_0.title) like upper(?) escape '\\' 
        and not(p1_0.is_deleted)
Hibernate: 
    select
        p1_0.id,
        p1_0.creation_date,
        p1_0.creator_user_id,
        p1_0.description,
        p1_0.image_url,
        p1_0.is_deleted,
        p1_0.title 
    from
        product p1_0 
    where
        upper(p1_0.title) like upper(?) escape '\\' 
        and not(p1_0.is_deleted)
Hibernate: 
    select
        p1_0.id,
        p1_0.creation_date,
        p1_0.creator_user_id,
        p1_0.description,
        p1_0.image_url,
        p1_0.is_deleted,
        p1_0.title 
    from
        product p1_0 
    where
        upper(p1_0.title) like upper(?) escape '\\' 
        and not(p1_0.is_deleted)
Hibernate: 
    select
        p1_0.id,
        p1_0.creation_date,
        p1_0.creator_user_id,
        p1_0.description,
        p1_0.image_url,
        p1_0.is_deleted,
        p1_0.title 
    from
        product p1_0 
    where
        upper(p1_0.title) like upper(?) escape '\\' 
        and not(p1_0.is_deleted)
Hibernate: 
    select
        p1_0.id,
        p1_0.creation_date,
        p1_0.creator_user_id,
        p1_0.description,
        p1_0.image_url,
        p1_0.is_deleted,
        p1_0.title 
    from
        product p1_0 
    where
        upper(p1_0.title) like upper(?) escape '\\' 
        and not(p1_0.is_deleted)
Hibernate: 
    select
        p1_0.id,
        p1_0.creation_date,
        p1_0.creator_user_id,
        p1_0.description,
        p1_0.image_url,
        p1_0.is_deleted,
        p1_0.title 
    from
        product p1_0 
    where
        upper(p1_0.title) like upper(?) escape '\\' 
        and not(p1_0.is_deleted)
Hibernate: 
    select
        p1_0.id,
        p1_0.creation_date,
        p1_0.creator_user_id,
        p1_0.description,
        p1_0.image_url,
        p1_0.is_deleted,
        p1_0.title 
    from
        product p1_0 
    where
        upper(p1_0.title) like upper(?) escape '\\' 
        and not(p1_0.is_deleted)
Hibernate: 
    select
        p1_0.id,
        p1_0.creation_date,
        p1_0.creator_user_id,
        p1_0.description,
        p1_0.image_url,
        p1_0.is_deleted,
        p1_0.title 
    from
        product p1_0 
    where
        upper(p1_0.title) like upper(?) escape '\\' 
        and not(p1_0.is_deleted)
Hibernate: 
    select
        p1_0.id,
        p1_0.creation_date,
        p1_0.creator_user_id,
        p1_0.description,
        p1_0.image_url,
        p1_0.is_deleted,
        p1_0.title 
    from
        product p1_0 
    where
        upper(p1_0.title) like upper(?) escape '\\' 
        and not(p1_0.is_deleted)
Hibernate: 
    select
        p1_0.id,
        p1_0.creation_date,
        p1_0.creator_user_id,
        p1_0.description,
        p1_0.image_url,
        p1_0.is_deleted,
        p1_0.title 
    from
        product p1_0 
    where
        upper(p1_0.title) like upper(?) escape '\\' 
        and not(p1_0.is_deleted)
Hibernate: 
    select
        p1_0.id,
        p1_0.creation_date,
        p1_0.creator_user_id,
        p1_0.description,
        p1_0.image_url,
        p1_0.is_deleted,
        p1_0.title 
    from
        product p1_0 
    where
        upper(p1_0.title) like upper(?) escape '\\' 
        and not(p1_0.is_deleted)
Hibernate: 
    select
        p1_0.id,
        p1_0.creation_date,
        p1_0.creator_user_id,
        p1_0.description,
        p1_0.image_url,
        p1_0.is_deleted,
        p1_0.title 
    from
        product p1_0 
    where
        upper(p1_0.title) like upper(?) escape '\\' 
        and not(p1_0.is_deleted)
Hibernate: 
    select
        p1_0.id,
        p1_0.creation_date,
        p1_0.creator_user_id,
        p1_0.description,
        p1_0.image_url,
        p1_0.is_deleted,
        p1_0.title 
    from
        product p1_0 
    where
        upper(p1_0.title) like upper(?) escape '\\' 
        and not(p1_0.is_deleted)
Hibernate: 
    select
        p1_0.id,
        p1_0.creation_date,
        p1_0.creator_user_id,
        p1_0.description,
        p1_0.image_url,
        p1_0.is_deleted,
        p1_0.title 
    from
        product p1_0 
    where
        upper(p1_0.title) like upper(?) escape '\\' 
        and not(p1_0.is_deleted)
Hibernate: 
    select
        p1_0.id,
        p1_0.creation_date,
        p1_0.creator_user_id,
        p1_0.description,
        p1_0.image_url,
        p1_0.is_deleted,
        p1_0.title 
    from
        product p1_0 
    where
        upper(p1_0.title) like upper(?) escape '\\' 
        and not(p1_0.is_deleted)
Hibernate: 
    select
        p1_0.id,
        p1_0.creation_date,
        p1_0.creator_user_id,
        p1_0.description,
        p1_0.image_url,
        p1_0.is_deleted,
        p1_0.title 
    from
        product p1_0 
    where
        upper(p1_0.title) like upper(?) escape '\\' 
        and not(p1_0.is_deleted)
Hibernate: 
    select
        p1_0.id,
        p1_0.creation_date,
        p1_0.creator_user_id,
        p1_0.description,
        p1_0.image_url,
        p1_0.is_deleted,
        p1_0.title 
    from
        product p1_0 
    where
        upper(p1_0.title) like upper(?) escape '\\' 
        and not(p1_0.is_deleted)
Hibernate: 
    select
        p1_0.id,
        p1_0.creation_date,
        p1_0.creator_user_id,
        p1_0.description,
        p1_0.image_url,
        p1_0.is_deleted,
        p1_0.title 
    from
        product p1_0 
    where
        upper(p1_0.title) like upper(?) escape '\\' 
        and not(p1_0.is_deleted)
Hibernate: 
    select
        p1_0.id,
        p1_0.creation_date,
        p1_0.creator_user_id,
        p1_0.description,
        p1_0.image_url,
        p1_0.is_deleted,
        p1_0.title 
    from
        product p1_0 
    where
        upper(p1_0.title) like upper(?) escape '\\' 
        and not(p1_0.is_deleted)
Hibernate: 
    select
        p1_0.id,
        p1_0.creation_date,
        p1_0.creator_user_id,
        p1_0.description,
        p1_0.image_url,
        p1_0.is_deleted,
        p1_0.title 
    from
        product p1_0 
    where
        upper(p1_0.title) like upper(?) escape '\\' 
        and not(p1_0.is_deleted)
Hibernate: 
    select
        p1_0.id,
        p1_0.creation_date,
        p1_0.creator_user_id,
        p1_0.description,
        p1_0.image_url,
        p1_0.is_deleted,
        p1_0.title 
    from
        product p1_0 
    where
        upper(p1_0.title) like upper(?) escape '\\' 
        and not(p1_0.is_deleted)
Hibernate: 
    select
        p1_0.id,
        p1_0.creation_date,
        p1_0.creator_user_id,
        p1_0.description,
        p1_0.image_url,
        p1_0.is_deleted,
        p1_0.title 
    from
        product p1_0 
    where
        upper(p1_0.title) like upper(?) escape '\\' 
        and not(p1_0.is_deleted)
Hibernate: 
    select
        p1_0.id,
        p1_0.creation_date,
        p1_0.creator_user_id,
        p1_0.description,
        p1_0.image_url,
        p1_0.is_deleted,
        p1_0.title 
    from
        product p1_0 
    where
        upper(p1_0.title) like upper(?) escape '\\' 
        and not(p1_0.is_deleted)
Hibernate: 
    select
        p1_0.id,
        p1_0.creation_date,
        p1_0.creator_user_id,
        p1_0.description,
        p1_0.image_url,
        p1_0.is_deleted,
        p1_0.title 
    from
        product p1_0 
    where
        upper(p1_0.title) like upper(?) escape '\\' 
        and not(p1_0.is_deleted)
Hibernate: 
    select
        p1_0.id,
        p1_0.creation_date,
        p1_0.creator_user_id,
        p1_0.description,
        p1_0.image_url,
        p1_0.is_deleted,
        p1_0.title 
    from
        product p1_0 
    where
        upper(p1_0.title) like upper(?) escape '\\' 
        and not(p1_0.is_deleted)
Hibernate: 
    select
        p1_0.id,
        p1_0.creation_date,
        p1_0.creator_user_id,
        p1_0.description,
        p1_0.image_url,
        p1_0.is_deleted,
        p1_0.title 
    from
        product p1_0 
    where
        upper(p1_0.title) like upper(?) escape '\\' 
        and not(p1_0.is_deleted)
Hibernate: 
    select
        p1_0.id,
        p1_0.creation_date,
        p1_0.creator_user_id,
        p1_0.description,
        p1_0.image_url,
        p1_0.is_deleted,
        p1_0.title 
    from
        product p1_0 
    where
        upper(p1_0.title) like upper(?) escape '\\' 
        and not(p1_0.is_deleted)
Hibernate: 
    select
        p1_0.id,
        p1_0.creation_date,
        p1_0.creator_user_id,
        p1_0.description,
        p1_0.image_url,
        p1_0.is_deleted,
        p1_0.title 
    from
        product p1_0 
    where
        upper(p1_0.title) like upper(?) escape '\\' 
        and not(p1_0.is_deleted)
Hibernate: 
    select
        p1_0.id,
        p1_0.creation_date,
        p1_0.creator_user_id,
        p1_0.description,
        p1_0.image_url,
        p1_0.is_deleted,
        p1_0.title 
    from
        product p1_0 
    where
        upper(p1_0.title) like upper(?) escape '\\' 
        and not(p1_0.is_deleted)
Hibernate: 
    select
        p1_0.id,
        p1_0.creation_date,
        p1_0.creator_user_id,
        p1_0.description,
        p1_0.image_url,
        p1_0.is_deleted,
        p1_0.title 
    from
        product p1_0 
    where
        upper(p1_0.title) like upper(?) escape '\\' 
        and not(p1_0.is_deleted)
Hibernate: 
    select
        p1_0.id,
        p1_0.creation_date,
        p1_0.creator_user_id,
        p1_0.description,
        p1_0.image_url,
        p1_0.is_deleted,
        p1_0.title 
    from
        product p1_0 
    where
        upper(p1_0.title) like upper(?) escape '\\' 
        and not(p1_0.is_deleted)
Hibernate: 
    select
        p1_0.id,
        p1_0.creation_date,
        p1_0.creator_user_id,
        p1_0.description,
        p1_0.image_url,
        p1_0.is_deleted,
        p1_0.title 
    from
        product p1_0 
    where
        upper(p1_0.title) like upper(?) escape '\\' 
        and not(p1_0.is_deleted)
Hibernate: 
    select
        p1_0.id,
        p1_0.creation_date,
        p1_0.creator_user_id,
        p1_0.description,
        p1_0.image_url,
        p1_0.is_deleted,
        p1_0.title 
    from
        product p1_0 
    where
        upper(p1_0.title) like upper(?) escape '\\' 
        and not(p1_0.is_deleted)
Hibernate: 
    select
        p1_0.id,
        p1_0.creation_date,
        p1_0.creator_user_id,
        p1_0.description,
        p1_0.image_url,
        p1_0.is_deleted,
        p1_0.title 
    from
        product p1_0 
    where
        upper(p1_0.title) like upper(?) escape '\\' 
        and not(p1_0.is_deleted)
Hibernate: 
    select
        p1_0.id,
        p1_0.creation_date,
        p1_0.creator_user_id,
        p1_0.description,
        p1_0.image_url,
        p1_0.is_deleted,
        p1_0.title 
    from
        product p1_0 
    where
        upper(p1_0.title) like upper(?) escape '\\' 
        and not(p1_0.is_deleted)
Hibernate: 
    select
        p1_0.id,
        p1_0.creation_date,
        p1_0.creator_user_id,
        p1_0.description,
        p1_0.image_url,
        p1_0.is_deleted,
        p1_0.title 
    from
        product p1_0 
    where
        upper(p1_0.title) like upper(?) escape '\\' 
        and not(p1_0.is_deleted)
Hibernate: 
    select
        p1_0.id,
        p1_0.creation_date,
        p1_0.creator_user_id,
        p1_0.description,
        p1_0.image_url,
        p1_0.is_deleted,
        p1_0.title 
    from
        product p1_0 
    where
        upper(p1_0.title) like upper(?) escape '\\' 
        and not(p1_0.is_deleted)
Hibernate: 
    select
        p1_0.id,
        p1_0.creation_date,
        p1_0.creator_user_id,
        p1_0.description,
        p1_0.image_url,
        p1_0.is_deleted,
        p1_0.title 
    from
        product p1_0 
    where
        upper(p1_0.title) like upper(?) escape '\\' 
        and not(p1_0.is_deleted)
Hibernate: 
    select
        p1_0.id,
        p1_0.creation_date,
        p1_0.creator_user_id,
        p1_0.description,
        p1_0.image_url,
        p1_0.is_deleted,
        p1_0.title 
    from
        product p1_0 
    where
        upper(p1_0.title) like upper(?) escape '\\' 
        and not(p1_0.is_deleted)
Hibernate: 
    select
        p1_0.id,
        p1_0.creation_date,
        p1_0.creator_user_id,
        p1_0.description,
        p1_0.image_url,
        p1_0.is_deleted,
        p1_0.title 
    from
        product p1_0 
    where
        upper(p1_0.title) like upper(?) escape '\\' 
        and not(p1_0.is_deleted)
Hibernate: 
    select
        p1_0.id,
        p1_0.creation_date,
        p1_0.creator_user_id,
        p1_0.description,
        p1_0.image_url,
        p1_0.is_deleted,
        p1_0.title 
    from
        product p1_0 
    where
        upper(p1_0.title) like upper(?) escape '\\' 
        and not(p1_0.is_deleted)
Hibernate: 
    select
        p1_0.id,
        p1_0.creation_date,
        p1_0.creator_user_id,
        p1_0.description,
        p1_0.image_url,
        p1_0.is_deleted,
        p1_0.title 
    from
        product p1_0 
    where
        upper(p1_0.title) like upper(?) escape '\\' 
        and not(p1_0.is_deleted)
Hibernate: 
    select
        p1_0.id,
        p1_0.creation_date,
        p1_0.creator_user_id,
        p1_0.description,
        p1_0.image_url,
        p1_0.is_deleted,
        p1_0.title 
    from
        product p1_0 
    where
        upper(p1_0.title) like upper(?) escape '\\' 
        and not(p1_0.is_deleted)
Hibernate: 
    select
        p1_0.id,
        p1_0.creation_date,
        p1_0.creator_user_id,
        p1_0.description,
        p1_0.image_url,
        p1_0.is_deleted,
        p1_0.title 
    from
        product p1_0 
    where
        upper(p1_0.title) like upper(?) escape '\\' 
        and not(p1_0.is_deleted)
Hibernate: 
    select
        p1_0.id,
        p1_0.creation_date,
        p1_0.creator_user_id,
        p1_0.description,
        p1_0.image_url,
        p1_0.is_deleted,
        p1_0.title 
    from
        product p1_0 
    where
        upper(p1_0.title) like upper(?) escape '\\' 
        and not(p1_0.is_deleted)
Hibernate: 
    select
        p1_0.id,
        p1_0.creation_date,
        p1_0.creator_user_id,
        p1_0.description,
        p1_0.image_url,
        p1_0.is_deleted,
        p1_0.title 
    from
        product p1_0 
    where
        upper(p1_0.title) like upper(?) escape '\\' 
        and not(p1_0.is_deleted)
Hibernate: 
    select
        p1_0.id,
        p1_0.creation_date,
        p1_0.creator_user_id,
        p1_0.description,
        p1_0.image_url,
        p1_0.is_deleted,
        p1_0.title 
    from
        product p1_0 
    where
        upper(p1_0.title) like upper(?) escape '\\' 
        and not(p1_0.is_deleted)
Hibernate: 
    select
        p1_0.id,
        p1_0.creation_date,
        p1_0.creator_user_id,
        p1_0.description,
        p1_0.image_url,
        p1_0.is_deleted,
        p1_0.title 
    from
        product p1_0 
    where
        upper(p1_0.title) like upper(?) escape '\\' 
        and not(p1_0.is_deleted)
Hibernate: 
    select
        p1_0.id,
        p1_0.creation_date,
        p1_0.creator_user_id,
        p1_0.description,
        p1_0.image_url,
        p1_0.is_deleted,
        p1_0.title 
    from
        product p1_0 
    where
        upper(p1_0.title) like upper(?) escape '\\' 
        and not(p1_0.is_deleted)
Hibernate: 
    select
        p1_0.id,
        p1_0.creation_date,
        p1_0.creator_user_id,
        p1_0.description,
        p1_0.image_url,
        p1_0.is_deleted,
        p1_0.title 
    from
        product p1_0 
    where
        upper(p1_0.title) like upper(?) escape '\\' 
        and not(p1_0.is_deleted)
Hibernate: 
    select
        p1_0.id,
        p1_0.creation_date,
        p1_0.creator_user_id,
        p1_0.description,
        p1_0.image_url,
        p1_0.is_deleted,
        p1_0.title 
    from
        product p1_0 
    where
        upper(p1_0.title) like upper(?) escape '\\' 
        and not(p1_0.is_deleted)
Hibernate: 
    select
        p1_0.id,
        p1_0.creation_date,
        p1_0.creator_user_id,
        p1_0.description,
        p1_0.image_url,
        p1_0.is_deleted,
        p1_0.title 
    from
        product p1_0 
    where
        upper(p1_0.title) like upper(?) escape '\\' 
        and not(p1_0.is_deleted)
Hibernate: 
    select
        p1_0.id,
        p1_0.creation_date,
        p1_0.creator_user_id,
        p1_0.description,
        p1_0.image_url,
        p1_0.is_deleted,
        p1_0.title 
    from
        product p1_0 
    where
        upper(p1_0.title) like upper(?) escape '\\' 
        and not(p1_0.is_deleted)
Hibernate: 
    select
        p1_0.id,
        p1_0.creation_date,
        p1_0.creator_user_id,
        p1_0.description,
        p1_0.image_url,
        p1_0.is_deleted,
        p1_0.title 
    from
        product p1_0 
    where
        upper(p1_0.title) like upper(?) escape '\\' 
        and not(p1_0.is_deleted)
Hibernate: 
    select
        p1_0.id,
        p1_0.creation_date,
        p1_0.creator_user_id,
        p1_0.description,
        p1_0.image_url,
        p1_0.is_deleted,
        p1_0.title 
    from
        product p1_0 
    where
        upper(p1_0.title) like upper(?) escape '\\' 
        and not(p1_0.is_deleted)
Hibernate: 
    select
        p1_0.id,
        p1_0.creation_date,
        p1_0.creator_user_id,
        p1_0.description,
        p1_0.image_url,
        p1_0.is_deleted,
        p1_0.title 
    from
        product p1_0 
    where
        upper(p1_0.title) like upper(?) escape '\\' 
        and not(p1_0.is_deleted)
Hibernate: 
    select
        p1_0.id,
        p1_0.creation_date,
        p1_0.creator_user_id,
        p1_0.description,
        p1_0.image_url,
        p1_0.is_deleted,
        p1_0.title 
    from
        product p1_0 
    where
        upper(p1_0.title) like upper(?) escape '\\' 
        and not(p1_0.is_deleted)
Hibernate: 
    select
        p1_0.id,
        p1_0.creation_date,
        p1_0.creator_user_id,
        p1_0.description,
        p1_0.image_url,
        p1_0.is_deleted,
        p1_0.title 
    from
        product p1_0 
    where
        upper(p1_0.title) like upper(?) escape '\\' 
        and not(p1_0.is_deleted)
Hibernate: 
    select
        p1_0.id,
        p1_0.creation_date,
        p1_0.creator_user_id,
        p1_0.description,
        p1_0.image_url,
        p1_0.is_deleted,
        p1_0.title 
    from
        product p1_0 
    where
        upper(p1_0.title) like upper(?) escape '\\' 
        and not(p1_0.is_deleted)
Hibernate: 
    select
        p1_0.id,
        p1_0.creation_date,
        p1_0.creator_user_id,
        p1_0.description,
        p1_0.image_url,
        p1_0.is_deleted,
        p1_0.title 
    from
        product p1_0 
    where
        upper(p1_0.title) like upper(?) escape '\\' 
        and not(p1_0.is_deleted)
Hibernate: 
    select
        p1_0.id,
        p1_0.creation_date,
        p1_0.creator_user_id,
        p1_0.description,
        p1_0.image_url,
        p1_0.is_deleted,
        p1_0.title 
    from
        product p1_0 
    where
        upper(p1_0.title) like upper(?) escape '\\' 
        and not(p1_0.is_deleted)
Hibernate: 
    select
        p1_0.id,
        p1_0.creation_date,
        p1_0.creator_user_id,
        p1_0.description,
        p1_0.image_url,
        p1_0.is_deleted,
        p1_0.title 
    from
        product p1_0 
    where
        upper(p1_0.title) like upper(?) escape '\\' 
        and not(p1_0.is_deleted)
Hibernate: 
    select
        p1_0.id,
        p1_0.creation_date,
        p1_0.creator_user_id,
        p1_0.description,
        p1_0.image_url,
        p1_0.is_deleted,
        p1_0.title 
    from
        product p1_0 
    where
        upper(p1_0.title) like upper(?) escape '\\' 
        and not(p1_0.is_deleted)
Hibernate: 
    select
        p1_0.id,
        p1_0.creation_date,
        p1_0.creator_user_id,
        p1_0.description,
        p1_0.image_url,
        p1_0.is_deleted,
        p1_0.title 
    from
        product p1_0 
    where
        upper(p1_0.title) like upper(?) escape '\\' 
        and not(p1_0.is_deleted)
Hibernate: 
    select
        p1_0.id,
        p1_0.creation_date,
        p1_0.creator_user_id,
        p1_0.description,
        p1_0.image_url,
        p1_0.is_deleted,
        p1_0.title 
    from
        product p1_0 
    where
        upper(p1_0.title) like upper(?) escape '\\' 
        and not(p1_0.is_deleted)
Hibernate: 
    select
        p1_0.id,
        p1_0.creation_date,
        p1_0.creator_user_id,
        p1_0.description,
        p1_0.image_url,
        p1_0.is_deleted,
        p1_0.title 
    from
        product p1_0 
    where
        upper(p1_0.title) like upper(?) escape '\\' 
        and not(p1_0.is_deleted)
Hibernate: 
    select
        p1_0.id,
        p1_0.creation_date,
        p1_0.creator_user_id,
        p1_0.description,
        p1_0.image_url,
        p1_0.is_deleted,
        p1_0.title 
    from
        product p1_0 
    where
        upper(p1_0.title) like upper(?) escape '\\' 
        and not(p1_0.is_deleted)
Hibernate: 
    select
        p1_0.id,
        p1_0.creation_date,
        p1_0.creator_user_id,
        p1_0.description,
        p1_0.image_url,
        p1_0.is_deleted,
        p1_0.title 
    from
        product p1_0 
    where
        upper(p1_0.title) like upper(?) escape '\\' 
        and not(p1_0.is_deleted)
Hibernate: 
    select
        p1_0.id,
        p1_0.creation_date,
        p1_0.creator_user_id,
        p1_0.description,
        p1_0.image_url,
        p1_0.is_deleted,
        p1_0.title 
    from
        product p1_0 
    where
        upper(p1_0.title) like upper(?) escape '\\' 
        and not(p1_0.is_deleted)
Hibernate: 
    select
        p1_0.id,
        p1_0.creation_date,
        p1_0.creator_user_id,
        p1_0.description,
        p1_0.image_url,
        p1_0.is_deleted,
        p1_0.title 
    from
        product p1_0 
    where
        upper(p1_0.title) like upper(?) escape '\\' 
        and not(p1_0.is_deleted)
Hibernate: 
    select
        p1_0.id,
        p1_0.creation_date,
        p1_0.creator_user_id,
        p1_0.description,
        p1_0.image_url,
        p1_0.is_deleted,
        p1_0.title 
    from
        product p1_0 
    where
        upper(p1_0.title) like upper(?) escape '\\' 
        and not(p1_0.is_deleted)
Hibernate: 
    select
        p1_0.id,
        p1_0.creation_date,
        p1_0.creator_user_id,
        p1_0.description,
        p1_0.image_url,
        p1_0.is_deleted,
        p1_0.title 
    from
        product p1_0 
    where
        upper(p1_0.title) like upper(?) escape '\\' 
        and not(p1_0.is_deleted)
Hibernate: 
    select
        p1_0.id,
        p1_0.creation_date,
        p1_0.creator_user_id,
        p1_0.description,
        p1_0.image_url,
        p1_0.is_deleted,
        p1_0.title 
    from
        product p1_0 
    where
        upper(p1_0.title) like upper(?) escape '\\' 
        and not(p1_0.is_deleted)
Hibernate: 
    select
        p1_0.id,
        p1_0.creation_date,
        p1_0.creator_user_id,
        p1_0.description,
        p1_0.image_url,
        p1_0.is_deleted,
        p1_0.title 
    from
        product p1_0 
    where
        upper(p1_0.title) like upper(?) escape '\\' 
        and not(p1_0.is_deleted)
Hibernate: 
    select
        p1_0.id,
        p1_0.creation_date,
        p1_0.creator_user_id,
        p1_0.description,
        p1_0.image_url,
        p1_0.is_deleted,
        p1_0.title 
    from
        product p1_0 
    where
        upper(p1_0.title) like upper(?) escape '\\' 
        and not(p1_0.is_deleted)
Hibernate: 
    select
        p1_0.id,
        p1_0.creation_date,
        p1_0.creator_user_id,
        p1_0.description,
        p1_0.image_url,
        p1_0.is_deleted,
        p1_0.title 
    from
        product p1_0 
    where
        upper(p1_0.title) like upper(?) escape '\\' 
        and not(p1_0.is_deleted)
Hibernate: 
    select
        p1_0.id,
        p1_0.creation_date,
        p1_0.creator_user_id,
        p1_0.description,
        p1_0.image_url,
        p1_0.is_deleted,
        p1_0.title 
    from
        product p1_0 
    where
        p1_0.id=?
Hibernate: 
    select
        p1_0.id,
        p1_0.creation_date,
        p1_0.creator_user_id,
        p1_0.description,
        p1_0.image_url,
        p1_0.is_deleted,
        p1_0.title 
    from
        product p1_0 
    where
        upper(p1_0.title) like upper(?) escape '\\' 
        and not(p1_0.is_deleted)
Hibernate: 
    select
        p1_0.id,
        p1_0.creation_date,
        p1_0.creator_user_id,
        p1_0.description,
        p1_0.image_url,
        p1_0.is_deleted,
        p1_0.title 
    from
        product p1_0 
    where
        upper(p1_0.title) like upper(?) escape '\\' 
        and not(p1_0.is_deleted)
Hibernate: 
    select
        p1_0.id,
        p1_0.creation_date,
        p1_0.creator_user_id,
        p1_0.description,
        p1_0.image_url,
        p1_0.is_deleted,
        p1_0.title 
    from
        product p1_0 
    where
        p1_0.id=?
Hibernate: 
    select
        p1_0.id,
        p1_0.creation_date,
        p1_0.creator_user_id,
        p1_0.description,
        p1_0.image_url,
        p1_0.is_deleted,
        p1_0.title 
    from
        product p1_0 
    where
        upper(p1_0.title) like upper(?) escape '\\' 
        and not(p1_0.is_deleted)
Hibernate: 
    select
        p1_0.id,
        p1_0.creation_date,
        p1_0.creator_user_id,
        p1_0.description,
        p1_0.image_url,
        p1_0.is_deleted,
        p1_0.title 
    from
        product p1_0 
    where
        upper(p1_0.title) like upper(?) escape '\\' 
        and not(p1_0.is_deleted)
Hibernate: 
    select
        p1_0.id,
        p1_0.creation_date,
        p1_0.creator_user_id,
        p1_0.description,
        p1_0.image_url,
        p1_0.is_deleted,
        p1_0.title 
    from
        product p1_0 
    where
        upper(p1_0.title) like upper(?) escape '\\' 
        and not(p1_0.is_deleted)
Hibernate: 
    select
        p1_0.id,
        p1_0.creation_date,
        p1_0.creator_user_id,
        p1_0.description,
        p1_0.image_url,
        p1_0.is_deleted,
        p1_0.title 
    from
        product p1_0 
    where
        upper(p1_0.title) like upper(?) escape '\\' 
        and not(p1_0.is_deleted)
Hibernate: 
    select
        p1_0.id,
        p1_0.creation_date,
        p1_0.creator_user_id,
        p1_0.description,
        p1_0.image_url,
        p1_0.is_deleted,
        p1_0.title 
    from
        product p1_0 
    where
        upper(p1_0.title) like upper(?) escape '\\' 
        and not(p1_0.is_deleted)
Hibernate: 
    select
        p1_0.id,
        p1_0.creation_date,
        p1_0.creator_user_id,
        p1_0.description,
        p1_0.image_url,
        p1_0.is_deleted,
        p1_0.title 
    from
        product p1_0 
    where
        upper(p1_0.title) like upper(?) escape '\\' 
        and not(p1_0.is_deleted)
Hibernate: 
    select
        p1_0.id,
        p1_0.creation_date,
        p1_0.creator_user_id,
        p1_0.description,
        p1_0.image_url,
        p1_0.is_deleted,
        p1_0.title 
    from
        product p1_0 
    where
        upper(p1_0.title) like upper(?) escape '\\' 
        and not(p1_0.is_deleted)
Hibernate: 
    select
        p1_0.id,
        p1_0.creation_date,
        p1_0.creator_user_id,
        p1_0.description,
        p1_0.image_url,
        p1_0.is_deleted,
        p1_0.title 
    from
        product p1_0 
    where
        upper(p1_0.title) like upper(?) escape '\\' 
        and not(p1_0.is_deleted)
Hibernate: 
    select
        p1_0.id,
        p1_0.creation_date,
        p1_0.creator_user_id,
        p1_0.description,
        p1_0.image_url,
        p1_0.is_deleted,
        p1_0.title 
    from
        product p1_0 
    where
        upper(p1_0.title) like upper(?) escape '\\' 
        and not(p1_0.is_deleted)
Hibernate: 
    select
        p1_0.id,
        p1_0.creation_date,
        p1_0.creator_user_id,
        p1_0.description,
        p1_0.image_url,
        p1_0.is_deleted,
        p1_0.title 
    from
        product p1_0 
    where
        upper(p1_0.title) like upper(?) escape '\\' 
        and not(p1_0.is_deleted)
Hibernate: 
    select
        p1_0.id,
        p1_0.creation_date,
        p1_0.creator_user_id,
        p1_0.description,
        p1_0.image_url,
        p1_0.is_deleted,
        p1_0.title 
    from
        product p1_0 
    where
        upper(p1_0.title) like upper(?) escape '\\' 
        and not(p1_0.is_deleted)
Hibernate: 
    select
        p1_0.id,
        p1_0.creation_date,
        p1_0.creator_user_id,
        p1_0.description,
        p1_0.image_url,
        p1_0.is_deleted,
        p1_0.title 
    from
        product p1_0 
    where
        upper(p1_0.title) like upper(?) escape '\\' 
        and not(p1_0.is_deleted)
Hibernate: 
    select
        p1_0.id,
        p1_0.creation_date,
        p1_0.creator_user_id,
        p1_0.description,
        p1_0.image_url,
        p1_0.is_deleted,
        p1_0.title 
    from
        product p1_0 
    where
        upper(p1_0.title) like upper(?) escape '\\' 
        and not(p1_0.is_deleted)
Hibernate: 
    select
        p1_0.id,
        p1_0.creation_date,
        p1_0.creator_user_id,
        p1_0.description,
        p1_0.image_url,
        p1_0.is_deleted,
        p1_0.title 
    from
        product p1_0 
    where
        p1_0.id=?
Hibernate: 
    select
        p1_0.id,
        p1_0.creation_date,
        p1_0.creator_user_id,
        p1_0.description,
        p1_0.image_url,
        p1_0.is_deleted,
        p1_0.title 
    from
        product p1_0 
    where
        p1_0.id=?
